// Jest Snapshot v1, https://goo.gl/fbAQLP

exports[`Header renders as expected 1`] = `
<header
  className="header"
  role="banner"
>
  <div
    className="business-menu"
  >
    <div
      className="ui container"
    >
      <nav
        className="ui menu"
      >
        <a
          className="item"
        >
          Jobs
        </a>
        <a
          className="item active"
        >
          Courses
        </a>
        <a
          className="item"
        >
          Businesses for sale
        </a>
        <a
          className="item"
        >
          Volunteering
        </a>
      </nav>
    </div>
  </div>
  <div
    className="ui logo container"
  >
    <img
      alt="Seek Learning"
      src="/dist/images/seeklearning-logo.svg"
    />
  </div>
</header>
`;
