// Jest Snapshot v1, https://goo.gl/fbAQLP

exports[`CheckoutContainer renders as expected 1`] = `
<div
  className="ui container"
>
  <h2
    className="ui header"
  >
    Review quote
  </h2>
  <div
    className="ui basic segment ad-selection-form"
  >
    <table
      className="ui celled striped table"
    >
      <thead
        className="center aligned"
      >
        <tr>
          <th>
            Product
          </th>
          <th>
            Qty
          </th>
          <th>
            Price
          </th>
        </tr>
      </thead>
      <tbody>
        <tr>
          <td>
            <div
              className="ui ribbon label"
            >
              Classic
            </div>
          </td>
          <td
            className="center aligned"
          >
            1
          </td>
          <td
            className="center aligned"
          >
            <span
              className="price"
            >
              $
              269.99
            </span>
            <span
              className="price-suffix"
            >
              +GST
            </span>
          </td>
        </tr>
        <tr>
          <td>
            <div
              className="ui ribbon label"
            >
              StandOut
            </div>
          </td>
          <td
            className="center aligned"
          >
            1
          </td>
          <td
            className="center aligned"
          >
            <span
              className="price"
            >
              $
              322.99
            </span>
            <span
              className="price-suffix"
            >
              +GST
            </span>
          </td>
        </tr>
        <tr>
          <td>
            <div
              className="ui ribbon label"
            >
              Guaranteed Hire
            </div>
          </td>
          <td
            className="center aligned"
          >
            1
          </td>
          <td
            className="center aligned"
          >
            <span
              className="price"
            >
              $
              394.99
            </span>
            <span
              className="price-suffix"
            >
              +GST
            </span>
          </td>
        </tr>
      </tbody>
    </table>
  </div>
  <div
    className="ui card"
  >
    <div
      className="image"
    >
      <img
        alt=""
        src="/dist/images/matthew.png"
      />
    </div>
    <div
      className="content"
    >
      <div
        className="header"
      >
        Matt Giampietro
      </div>
      <div
        className="meta"
      >
        <span>
          Producer, Unilever
        </span>
      </div>
      <div
        className="description"
      >
        <p>
          Gets a for **3 for 2 deal on Classic Ads**
        </p>
      </div>
    </div>
  </div>
  <button
    className="ui huge button pink continue"
    onClick={[Function]}
  >
    Continue to payment options
  </button>
  <button
    className="ui button"
    onClick={[Function]}
  >
    Add another job
  </button>
</div>
`;
