// Jest Snapshot v1, https://goo.gl/fbAQLP

exports[`ClassifyContainer renders as expected 1`] = `
<div>
  container
</div>
`;
